../Src/nrf24.c:10:6:nRF24_CE_H	4	static
../Src/nrf24.c:11:6:nRF24_CE_L	4	static
../Src/nrf24.c:12:6:nRF24_CSN_H	4	static
../Src/nrf24.c:13:6:nRF24_CSN_L	4	static
../Src/nrf24.c:15:6:delay_ms	24	static,ignoring_inline_asm
../Src/nrf24.c:21:9:nRF24_LL_RW	16	static
../Src/nrf24.c:28:6:nRF24_HW_Init	4	static
../Src/nrf24.c:56:9:nRF24_ReadReg	24	static
../Src/nrf24.c:64:6:nRF24_WriteReg	16	static
../Src/nrf24.c:71:6:nRF24_WriteBuf	24	static
../Src/nrf24.c:79:6:nRF24_Init	8	static
../Src/nrf24.c:91:9:nRF24_Check	32	static
../Src/nrf24.c:104:6:gpio_debug_init	4	static
../Src/nrf24.c:117:6:nRF24_TX_Mode	16	static
../Src/nrf24.c:130:6:nRF24_RX_Mode	16	static
../Src/nrf24.c:142:6:nRF24_WritePayload	24	static
../Src/nrf24.c:150:9:nRF24_ReadPayload	32	static
../Src/nrf24.c:163:6:nRF24_SetupRetransmissions	24	static
../Src/nrf24.c:188:9:nRF24_GetStatus	16	static
../Src/nrf24.c:195:6:nRF24_ClearIRQFlags	8	static
../Src/nrf24.c:199:6:nRF24_ReadBuf	32	static
